
============================================================
START Tue 09/01/2026 10:31:10.72
============================================================
Waiting for network...
Internet OK.
[1/6] Pull latest
Already up to date.
[2/6] Fetch official VB-G RAM G data
Updated C:\Users\welcome\Daily-labour-report-satna-maihar\data\official-summary.csv for 8 janpads
SUCCESS: 8/8 Janpads. Individual Labour/MR=1467/1188; PMAY Labour/MR=1245/1066; Ek Bagiya Labour/MR=193/106.
Next: python scripts\merge_official_summary.py
[3/6] Merge dashboard data
AUTO MERGE OK | Individual Labour/MR=1467/1188 | PMAY Labour/MR=1245/1066 | Ek Bagiya Labour/MR=193/106 | changed=True
[4/6] Verify generated files
[5/6] Commit verified data/status only
[main e85c7b7] Automatic VBGRAMG update when laptop online
 4 files changed, 15 insertions(+), 15 deletions(-)
[6/6] Push
To https://github.com/srdmsatna-create/Daily-labour-report-satna-maihar.git
   c332cd0..e85c7b7  main -> main
END Tue 09/01/2026 10:31:47.85 SUCCESS-PUSHED

============================================================
START Tue 09/01/2026 10:33:10.25
============================================================
Waiting for network...
Internet OK.
[1/6] Pull latest
Already up to date.
[2/6] Fetch official VB-G RAM G data

============================================================
START Tue 09/01/2026 11:33:10.20
============================================================
Waiting for network...
Internet OK.
[1/6] Pull latest
Already up to date.
[2/6] Fetch official VB-G RAM G data
Updated C:\Users\welcome\Daily-labour-report-satna-maihar\data\official-summary.csv for 8 janpads
SUCCESS: 8/8 Janpads. Individual Labour/MR=1467/1188; PMAY Labour/MR=1245/1066; Ek Bagiya Labour/MR=193/106.
Next: python scripts\merge_official_summary.py
[3/6] Merge dashboard data
AUTO MERGE OK | PMAY Ongoing=11995 | Ek Bagiya Ongoing=756 | lock_active=True
[4/6] Verify generated files
[5/6] Commit verified data/status only
[main b3bc242] Automatic VBGRAMG update when laptop online
 3 files changed, 4 insertions(+), 4 deletions(-)
[6/6] Push
To https://github.com/srdmsatna-create/Daily-labour-report-satna-maihar.git
   5e5e937..b3bc242  main -> main
END Tue 09/01/2026 11:33:51.52 SUCCESS-PUSHED

============================================================
START Tue 09/01/2026 12:33:10.21
============================================================
Waiting for network...
Internet OK.
[1/6] Pull latest
Already up to date.
[2/6] Fetch official VB-G RAM G data

============================================================
START Tue 09/01/2026 13:33:10.24
============================================================
Waiting for network...
Internet OK.
[1/6] Pull latest
Already up to date.
[2/6] Fetch official VB-G RAM G data
Updated C:\Users\welcome\Daily-labour-report-satna-maihar\data\official-summary.csv for 8 janpads
SUCCESS: 8/8 Janpads. Individual Labour/MR=1467/1188; PMAY Labour/MR=1245/1066; Ek Bagiya Labour/MR=193/106.
Next: python scripts\merge_official_summary.py
[3/6] Merge dashboard data
AUTO MERGE OK | PMAY Ongoing=11995 | Ek Bagiya Ongoing=756 | lock_active=True
[4/6] Verify generated files
[5/6] Commit verified data/status only
[main d9bfeed] Automatic VBGRAMG update when laptop online
 2 files changed, 3 insertions(+), 3 deletions(-)
[6/6] Push
To https://github.com/srdmsatna-create/Daily-labour-report-satna-maihar.git
   fe676e1..d9bfeed  main -> main
END Tue 09/01/2026 13:34:07.43 SUCCESS-PUSHED

============================================================
START Tue 09/01/2026 19:04:38.88
============================================================
Waiting for network...
Internet OK.
[1/6] Pull latest
Already up to date.
[2/6] Fetch official VB-G RAM G data
Updated C:\Users\welcome\Daily-labour-report-satna-maihar\data\official-summary.csv for 8 janpads
SUCCESS: 8/8 Janpads. Individual Labour/MR=1467/1188; PMAY Labour/MR=1245/1066; Ek Bagiya Labour/MR=193/106.
Next: python scripts\merge_official_summary.py
[3/6] Merge dashboard data
AUTO MERGE OK | PMAY Ongoing=11995 | Ek Bagiya Ongoing=756 | lock_active=True
[4/6] Verify generated files
[5/6] Commit verified data/status only
[main 0a62a9e] Automatic VBGRAMG update when laptop online
 2 files changed, 3 insertions(+), 3 deletions(-)
[6/6] Push
To https://github.com/srdmsatna-create/Daily-labour-report-satna-maihar.git
   d9bfeed..0a62a9e  main -> main
END Tue 09/01/2026 19:05:32.24 SUCCESS-PUSHED

============================================================
START Tue 09/01/2026 19:33:10.78
============================================================
Waiting for network...
Internet OK.
[1/6] Pull latest
Already up to date.
[2/6] Fetch official VB-G RAM G data
Updated C:\Users\welcome\Daily-labour-report-satna-maihar\data\official-summary.csv for 8 janpads
SUCCESS: 8/8 Janpads. Individual Labour/MR=1467/1188; PMAY Labour/MR=1245/1066; Ek Bagiya Labour/MR=193/106.
Next: python scripts\merge_official_summary.py
[3/6] Merge dashboard data
AUTO MERGE OK | PMAY Ongoing=11995 | Ek Bagiya Ongoing=756 | lock_active=True
[4/6] Verify generated files
[5/6] Commit verified data/status only
[main 55207e5] Automatic VBGRAMG update when laptop online
 2 files changed, 3 insertions(+), 3 deletions(-)
[6/6] Push
To https://github.com/srdmsatna-create/Daily-labour-report-satna-maihar.git
   0a62a9e..55207e5  main -> main
END Tue 09/01/2026 19:33:58.28 SUCCESS-PUSHED

============================================================
START Tue 09/01/2026 20:33:10.76
============================================================
Waiting for network...
Internet OK.
[1/6] Pull latest
From https://github.com/srdmsatna-create/Daily-labour-report-satna-maihar
   55207e5..83eca68  main       -> origin/main
Updating 55207e5..83eca68
Created autostash: dfb823a
Fast-forward
 index(1) (1).html | 2230 -----------------------------------------------------
 index.html        |  100 ++-
 2 files changed, 68 insertions(+), 2262 deletions(-)
 delete mode 100644 index(1) (1).html
Applied autostash.
[2/6] Fetch official VB-G RAM G data
Updated C:\Users\welcome\Daily-labour-report-satna-maihar\data\official-summary.csv for 8 janpads
SUCCESS: 8/8 Janpads. Individual Labour/MR=1467/1188; PMAY Labour/MR=1245/1066; Ek Bagiya Labour/MR=193/106.
Next: python scripts\merge_official_summary.py
[3/6] Merge dashboard data
AUTO MERGE OK | PMAY Ongoing=11995 | Ek Bagiya Ongoing=756 | lock_active=True
[4/6] Verify generated files
[5/6] Commit verified data/status only
[main dc05336] Automatic VBGRAMG update when laptop online
 2 files changed, 3 insertions(+), 3 deletions(-)
[6/6] Push
To https://github.com/srdmsatna-create/Daily-labour-report-satna-maihar.git
   83eca68..dc05336  main -> main
END Tue 09/01/2026 20:34:10.06 SUCCESS-PUSHED

============================================================
START Tue 09/01/2026 21:33:10.65
============================================================
Waiting for network...
Internet OK.
[1/6] Pull latest
Already up to date.
[2/6] Fetch official VB-G RAM G data
Updated C:\Users\welcome\Daily-labour-report-satna-maihar\data\official-summary.csv for 8 janpads
SUCCESS: 8/8 Janpads. Individual Labour/MR=1496/1210; PMAY Labour/MR=1270/1086; Ek Bagiya Labour/MR=197/108.
Next: python scripts\merge_official_summary.py
[3/6] Merge dashboard data
AUTO MERGE OK | PMAY Ongoing=11995 | Ek Bagiya Ongoing=756 | lock_active=True
[4/6] Verify generated files
[5/6] Commit verified data/status only
[main a9bf8de] Automatic VBGRAMG update when laptop online
 4 files changed, 11 insertions(+), 11 deletions(-)
[6/6] Push
To https://github.com/srdmsatna-create/Daily-labour-report-satna-maihar.git
   dc05336..a9bf8de  main -> main
END Tue 09/01/2026 21:33:51.50 SUCCESS-PUSHED

============================================================
START Tue 09/01/2026 22:58:35.70
============================================================
Waiting for network...
Internet OK.
[1/6] Pull latest
Already up to date.
[2/6] Fetch official VB-G RAM G data
Updated C:\Users\welcome\Daily-labour-report-satna-maihar\data\official-summary.csv for 8 janpads
SUCCESS: 8/8 Janpads. Individual Labour/MR=1498/1212; PMAY Labour/MR=1271/1087; Ek Bagiya Labour/MR=197/108.
Next: python scripts\merge_official_summary.py
[3/6] Merge dashboard data
AUTO MERGE OK | PMAY Ongoing=11995 | Ek Bagiya Ongoing=756 | lock_active=True
[4/6] Verify generated files
[5/6] Commit verified data/status only
[main f1ca902] Automatic VBGRAMG update when laptop online
 4 files changed, 7 insertions(+), 7 deletions(-)
[6/6] Push
To https://github.com/srdmsatna-create/Daily-labour-report-satna-maihar.git
   a9bf8de..f1ca902  main -> main
END Tue 09/01/2026 22:59:20.06 SUCCESS-PUSHED

============================================================
START Tue 09/01/2026 23:33:10.71
============================================================
Waiting for network...
Internet OK.
[1/6] Pull latest
From https://github.com/srdmsatna-create/Daily-labour-report-satna-maihar
   f1ca902..525560b  main       -> origin/main
Updating f1ca902..525560b
Created autostash: a0a5154
Fast-forward
 index(5) (1).html                                  | 2894 ++++++++++++++++++++
 index(5).html                                      | 2894 ++++++++++++++++++++
 index_backup_01-09-2026.html                       | 2871 +++++++++++++++++++
 ...x_backup_01-09-2026_SRDM_all_links_updated.html | 2894 ++++++++++++++++++++
 index_backup_01-09-2026_SRDM_apps_added.html       | 2893 +++++++++++++++++++
 index_backup_01-09-2026_SRDM_apps_links_added.html | 2894 ++++++++++++++++++++
 6 files changed, 17340 insertions(+)
 create mode 100644 index(5) (1).html
 create mode 100644 index(5).html
 create mode 100644 index_backup_01-09-2026.html
 create mode 100644 index_backup_01-09-2026_SRDM_all_links_updated.html
 create mode 100644 index_backup_01-09-2026_SRDM_apps_added.html
 create mode 100644 index_backup_01-09-2026_SRDM_apps_links_added.html
Applied autostash.
[2/6] Fetch official VB-G RAM G data
Updated C:\Users\welcome\Daily-labour-report-satna-maihar\data\official-summary.csv for 8 janpads
SUCCESS: 8/8 Janpads. Individual Labour/MR=1498/1212; PMAY Labour/MR=1271/1087; Ek Bagiya Labour/MR=197/108.
Next: python scripts\merge_official_summary.py
[3/6] Merge dashboard data
AUTO MERGE OK | PMAY Ongoing=11995 | Ek Bagiya Ongoing=756 | lock_active=True
[4/6] Verify generated files
[5/6] Commit verified data/status only
[main 01f279c] Automatic VBGRAMG update when laptop online
 3 files changed, 4 insertions(+), 4 deletions(-)
[6/6] Push
To https://github.com/srdmsatna-create/Daily-labour-report-satna-maihar.git
   525560b..01f279c  main -> main
END Tue 09/01/2026 23:34:02.87 SUCCESS-PUSHED

============================================================
START Wed 09/02/2026  0:33:10.84
============================================================
Waiting for network...
Internet OK.
[1/6] Pull latest
From https://github.com/srdmsatna-create/Daily-labour-report-satna-maihar
   01f279c..2df73b0  main       -> origin/main
Updating 01f279c..2df73b0
Created autostash: b2e05b6
Fast-forward
 index_01-09-2026_ONLY_SRDM_APPS.html | 2883 +++++++++++++++++++++++++++++++++
 index_FINAL_CORRECTED.html           | 2894 ++++++++++++++++++++++++++++++++++
 index_V67_FINAL_01-09-2026.html      | 2830 +++++++++++++++++++++++++++++++++
 3 files changed, 8607 insertions(+)
 create mode 100644 index_01-09-2026_ONLY_SRDM_APPS.html
 create mode 100644 index_FINAL_CORRECTED.html
 create mode 100644 index_V67_FINAL_01-09-2026.html
Applied autostash.
[2/6] Fetch official VB-G RAM G data
FAILED: R6.9 filters not found: expected 3 dropdowns.
ERROR: Official fetch failed. Existing verified dashboard data remains unchanged.

============================================================
START Wed 09/02/2026  1:33:10.70
============================================================
Waiting for network...
Internet OK.
[1/6] Pull latest
Already up to date.
[2/6] Fetch official VB-G RAM G data
FAILED: R6.9 filters not found: expected 3 dropdowns.
ERROR: Official fetch failed. Existing verified dashboard data remains unchanged.

============================================================
START Wed 09/02/2026  7:56:56.32
============================================================
Waiting for network...
Internet OK.
[1/6] Pull latest
Already up to date.
[2/6] Fetch official VB-G RAM G data
FAILED: [Errno 2] No such file or directory: 'C:\\Users\\welcome\\Daily-labour-report-satna-maihar\\data\\official-summary.csv'
ERROR: Official fetch failed. Existing verified dashboard data remains unchanged.

============================================================
START Wed 09/02/2026  8:36:00.56
============================================================
Waiting for network...
Internet OK.
[1/6] Pull latest
Already up to date.
[2/6] Fetch official VB-G RAM G data
FAILED: [Errno 2] No such file or directory: 'C:\\Users\\welcome\\Daily-labour-report-satna-maihar\\data\\official-summary.csv'
ERROR: Official fetch failed. Existing verified dashboard data remains unchanged.

============================================================
START Wed 09/02/2026  9:11:45.64
============================================================
Waiting for network...
Internet OK.
[1/6] Pull latest
Already up to date.
[2/6] Fetch official VB-G RAM G data
FAILED: [Errno 2] No such file or directory: 'C:\\Users\\welcome\\Daily-labour-report-satna-maihar\\data\\official-summary.csv'
ERROR: Official fetch failed. Existing verified dashboard data remains unchanged.

============================================================
START Wed 09/02/2026  9:33:12.65
============================================================
Waiting for network...
Internet OK.
[1/6] Pull latest
Already up to date.
[2/6] Fetch official VB-G RAM G data
FAILED: [Errno 2] No such file or directory: 'C:\\Users\\welcome\\Daily-labour-report-satna-maihar\\data\\official-summary.csv'
ERROR: Official fetch failed. Existing verified dashboard data remains unchanged.

============================================================
START Wed 09/02/2026 10:33:10.65
============================================================
Waiting for network...
Internet OK.
[1/6] Pull latest
Already up to date.
[2/6] Fetch official VB-G RAM G data
Updated C:\Users\welcome\Daily-labour-report-satna-maihar\data\official-summary.csv for 8 janpads
SUCCESS: 8/8 Janpads. Individual Labour/MR=1419/1153; PMAY Labour/MR=1231/1048; Ek Bagiya Labour/MR=166/91.
Next: python scripts\merge_official_summary.py
[3/6] Merge dashboard data
AUTO MERGE OK | PMAY Ongoing=11995 | Ek Bagiya Ongoing=756 | lock_active=True
[4/6] Verify generated files
[5/6] Commit verified data/status only
[main 44890a5] Automatic VBGRAMG update when laptop online
 3 files changed, 4 insertions(+), 4 deletions(-)
[6/6] Push
fatal: Unable to persist credentials with the 'wincredman' credential store.
See https://aka.ms/gcm/credstores for more information.
bash: line 1: /dev/tty: No such device or address
error: failed to execute prompt script (exit code 1)
fatal: could not read Username for 'https://github.com': No such file or directory

============================================================
START Wed 09/02/2026 11:33:11.03
============================================================
Waiting for network...
Internet OK.
[1/6] Pull latest
Already up to date.
[2/6] Fetch official VB-G RAM G data
Updated C:\Users\welcome\Daily-labour-report-satna-maihar\data\official-summary.csv for 8 janpads
SUCCESS: 8/8 Janpads. Individual Labour/MR=1419/1153; PMAY Labour/MR=1231/1048; Ek Bagiya Labour/MR=166/91.
Next: python scripts\merge_official_summary.py
[3/6] Merge dashboard data
AUTO MERGE OK | PMAY Ongoing=11995 | Ek Bagiya Ongoing=756 | lock_active=True
[4/6] Verify generated files
[5/6] Commit verified data/status only
[main 2144843] Automatic VBGRAMG update when laptop online
 2 files changed, 3 insertions(+), 3 deletions(-)
[6/6] Push
fatal: Unable to persist credentials with the 'wincredman' credential store.
See https://aka.ms/gcm/credstores for more information.
bash: line 1: /dev/tty: No such device or address
error: failed to execute prompt script (exit code 1)
fatal: could not read Username for 'https://github.com': No such file or directory

============================================================
START Wed 09/02/2026 13:22:50.70
============================================================
Waiting for network...
Internet OK.
[1/6] Pull latest
Already up to date.
[2/6] Fetch official VB-G RAM G data
Updated C:\Users\welcome\Daily-labour-report-satna-maihar\data\official-summary.csv for 8 janpads
SUCCESS: 8/8 Janpads. Individual Labour/MR=1419/1153; PMAY Labour/MR=1231/1048; Ek Bagiya Labour/MR=166/91.
Next: python scripts\merge_official_summary.py
[3/6] Merge dashboard data
AUTO MERGE OK | PMAY Ongoing=11995 | Ek Bagiya Ongoing=756 | lock_active=True
[4/6] Verify generated files
[5/6] Commit verified data/status only
[main 465ae52] Automatic VBGRAMG update when laptop online
 2 files changed, 3 insertions(+), 3 deletions(-)
[6/6] Push
fatal: Unable to persist credentials with the 'wincredman' credential store.
See https://aka.ms/gcm/credstores for more information.
bash: line 1: /dev/tty: No such device or address
error: failed to execute prompt script (exit code 1)
fatal: could not read Username for 'https://github.com': No such file or directory

============================================================
START Wed 09/02/2026 13:33:10.69
============================================================
Waiting for network...
Internet OK.
[1/6] Pull latest
Already up to date.
[2/6] Fetch official VB-G RAM G data
Updated C:\Users\welcome\Daily-labour-report-satna-maihar\data\official-summary.csv for 8 janpads
SUCCESS: 8/8 Janpads. Individual Labour/MR=1419/1153; PMAY Labour/MR=1231/1048; Ek Bagiya Labour/MR=166/91.
Next: python scripts\merge_official_summary.py
[3/6] Merge dashboard data
AUTO MERGE OK | PMAY Ongoing=11995 | Ek Bagiya Ongoing=756 | lock_active=True
[4/6] Verify generated files
[5/6] Commit verified data/status only
[main 455d777] Automatic VBGRAMG update when laptop online
 2 files changed, 3 insertions(+), 3 deletions(-)
[6/6] Push
fatal: Unable to persist credentials with the 'wincredman' credential store.
See https://aka.ms/gcm/credstores for more information.
bash: line 1: /dev/tty: No such device or address
error: failed to execute prompt script (exit code 1)
fatal: could not read Username for 'https://github.com': No such file or directory

============================================================
START Wed 09/02/2026 14:33:10.70
============================================================
Waiting for network...
Internet OK.
[1/6] Pull latest
Already up to date.
[2/6] Fetch official VB-G RAM G data
Updated C:\Users\welcome\Daily-labour-report-satna-maihar\data\official-summary.csv for 8 janpads
SUCCESS: 8/8 Janpads. Individual Labour/MR=1419/1153; PMAY Labour/MR=1231/1048; Ek Bagiya Labour/MR=166/91.
Next: python scripts\merge_official_summary.py
[3/6] Merge dashboard data
AUTO MERGE OK | PMAY Ongoing=11995 | Ek Bagiya Ongoing=756 | lock_active=True
[4/6] Verify generated files
[5/6] Commit verified data/status only
[main 8f5d85d] Automatic VBGRAMG update when laptop online
 2 files changed, 3 insertions(+), 3 deletions(-)
[6/6] Push
fatal: Unable to persist credentials with the 'wincredman' credential store.
See https://aka.ms/gcm/credstores for more information.
bash: line 1: /dev/tty: No such device or address
error: failed to execute prompt script (exit code 1)
fatal: could not read Username for 'https://github.com': No such file or directory

============================================================
START Wed 09/02/2026 15:33:12.73
============================================================
Waiting for network...
Internet OK.
[1/6] Pull latest
Already up to date.
[2/6] Fetch official VB-G RAM G data
Updated C:\Users\welcome\Daily-labour-report-satna-maihar\data\official-summary.csv for 8 janpads
SUCCESS: 8/8 Janpads. Individual Labour/MR=1419/1153; PMAY Labour/MR=1231/1048; Ek Bagiya Labour/MR=166/91.
Next: python scripts\merge_official_summary.py
[3/6] Merge dashboard data
AUTO MERGE OK | PMAY Ongoing=11995 | Ek Bagiya Ongoing=756 | lock_active=True
[4/6] Verify generated files
[5/6] Commit verified data/status only
[main 268420a] Automatic VBGRAMG update when laptop online
 2 files changed, 3 insertions(+), 3 deletions(-)
[6/6] Push
fatal: Unable to persist credentials with the 'wincredman' credential store.
See https://aka.ms/gcm/credstores for more information.
bash: line 1: /dev/tty: No such device or address
error: failed to execute prompt script (exit code 1)
fatal: could not read Username for 'https://github.com': No such file or directory

============================================================
START Wed 09/02/2026 16:33:10.69
============================================================
Waiting for network...
Internet OK.
[1/6] Pull latest
warning: in the working copy of 'README_HINDI.txt', LF will be replaced by CRLF the next time Git touches it
warning: in the working copy of 'index.html', LF will be replaced by CRLF the next time Git touches it
warning: in the working copy of 'logs/auto-when-on.log', LF will be replaced by CRLF the next time Git touches it
error: unable to unlink old 'logs/auto-when-on.log': Invalid argument
fatal: could not reset --hard
Created autostash: 5db2f80

============================================================
START Wed 09/02/2026 21:04:09.58
============================================================
Waiting for network...
Internet OK.
[1/6] Pull latest
fatal: It seems that there is already a rebase-merge directory, and
I wonder if you are in the middle of another rebase.  If that is the
case, please try
	git rebase (--continue | --abort | --skip)
If that is not the case, please
	rm -fr ".git/rebase-merge"
and run me again.  I am stopping in case you still have something
valuable there.


============================================================
START Wed 09/02/2026 21:33:11.00
============================================================
Waiting for network...
Internet OK.
[1/6] Pull latest
Already up to date.
[2/6] Fetch official VB-G RAM G data
Updated C:\Users\welcome\Daily-labour-report-satna-maihar\data\official-summary.csv for 8 janpads
SUCCESS: 8/8 Janpads. Individual Labour/MR=1475/1202; PMAY Labour/MR=1270/1084; Ek Bagiya Labour/MR=180/103.
Next: python scripts\merge_official_summary.py
[3/6] Merge dashboard data
AUTO MERGE OK | PMAY Ongoing=11995 | Ek Bagiya Ongoing=756 | lock_active=True
[4/6] Verify generated files
[5/6] Commit verified data/status only
[main 5d88531] Automatic VBGRAMG update when laptop online
 4 files changed, 13 insertions(+), 13 deletions(-)
[6/6] Push
fatal: Unable to persist credentials with the 'wincredman' credential store.
See https://aka.ms/gcm/credstores for more information.
bash: line 1: /dev/tty: No such device or address
error: failed to execute prompt script (exit code 1)
fatal: could not read Username for 'https://github.com': No such file or directory

============================================================
START Wed 09/02/2026 22:33:10.99
============================================================
Waiting for network...
Internet OK.
[1/6] Pull latest
Already up to date.
[2/6] Fetch official VB-G RAM G data
Updated C:\Users\welcome\Daily-labour-report-satna-maihar\data\official-summary.csv for 8 janpads
SUCCESS: 8/8 Janpads. Individual Labour/MR=1475/1202; PMAY Labour/MR=1270/1084; Ek Bagiya Labour/MR=180/103.
Next: python scripts\merge_official_summary.py
[3/6] Merge dashboard data
AUTO MERGE OK | PMAY Ongoing=11995 | Ek Bagiya Ongoing=756 | lock_active=True
[4/6] Verify generated files
[5/6] Commit verified data/status only
[main 080d145] Automatic VBGRAMG update when laptop online
 3 files changed, 4 insertions(+), 4 deletions(-)
[6/6] Push
fatal: Unable to persist credentials with the 'wincredman' credential store.
See https://aka.ms/gcm/credstores for more information.
bash: line 1: /dev/tty: No such device or address
error: failed to execute prompt script (exit code 1)
fatal: could not read Username for 'https://github.com': No such file or directory

============================================================
START Wed 09/02/2026 23:33:10.98
============================================================
Waiting for network...
Internet OK.
[1/6] Pull latest
Already up to date.
[2/6] Fetch official VB-G RAM G data
Updated C:\Users\welcome\Daily-labour-report-satna-maihar\data\official-summary.csv for 8 janpads
SUCCESS: 8/8 Janpads. Individual Labour/MR=1475/1202; PMAY Labour/MR=1270/1084; Ek Bagiya Labour/MR=180/103.
Next: python scripts\merge_official_summary.py
[3/6] Merge dashboard data
AUTO MERGE OK | PMAY Ongoing=11995 | Ek Bagiya Ongoing=756 | lock_active=True
[4/6] Verify generated files
[5/6] Commit verified data/status only
[main ad08d44] Automatic VBGRAMG update when laptop online
 3 files changed, 4 insertions(+), 4 deletions(-)
[6/6] Push
fatal: Unable to persist credentials with the 'wincredman' credential store.
See https://aka.ms/gcm/credstores for more information.
bash: line 1: /dev/tty: No such device or address
error: failed to execute prompt script (exit code 1)
fatal: could not read Username for 'https://github.com': No such file or directory

============================================================
START Thu 09/03/2026  8:01:50.00
============================================================
Waiting for network...
Internet OK.
[1/6] Pull latest
Already up to date.
[2/6] Fetch official VB-G RAM G data
Updated C:\Users\welcome\Daily-labour-report-satna-maihar\data\official-summary.csv for 8 janpads
SUCCESS: 8/8 Janpads. Individual Labour/MR=1383/1135; PMAY Labour/MR=1183/1016; Ek Bagiya Labour/MR=177/104.
Next: python scripts\merge_official_summary.py
[3/6] Merge dashboard data
AUTO MERGE OK | PMAY Ongoing=11995 | Ek Bagiya Ongoing=756 | lock_active=True
[4/6] Verify generated files
[5/6] Commit verified data/status only
[main 0bf22ee] Automatic VBGRAMG update when laptop online
 4 files changed, 15 insertions(+), 15 deletions(-)
[6/6] Push
To https://github.com/srdmsatna-create/Daily-labour-report-satna-maihar.git
   5e8bd48..0bf22ee  main -> main
END Thu 09/03/2026  8:03:29.89 SUCCESS-PUSHED

============================================================
START Thu 09/03/2026  8:04:32.12
============================================================
Waiting for network...
Internet OK.
[1/6] Pull latest
Already up to date.
[2/6] Fetch official VB-G RAM G data
Updated C:\Users\welcome\Daily-labour-report-satna-maihar\data\official-summary.csv for 8 janpads
SUCCESS: 8/8 Janpads. Individual Labour/MR=1383/1135; PMAY Labour/MR=1183/1016; Ek Bagiya Labour/MR=177/104.
Next: python scripts\merge_official_summary.py
[3/6] Merge dashboard data
AUTO MERGE OK | PMAY Ongoing=11995 | Ek Bagiya Ongoing=756 | lock_active=True
[4/6] Verify generated files
[5/6] Commit verified data/status only
[main 67a8bd4] Automatic VBGRAMG update when laptop online
 3 files changed, 4 insertions(+), 4 deletions(-)
[6/6] Push
To https://github.com/srdmsatna-create/Daily-labour-report-satna-maihar.git
   0bf22ee..67a8bd4  main -> main
END Thu 09/03/2026  8:05:05.07 SUCCESS-PUSHED

============================================================
START Thu 09/03/2026  8:33:10.66
============================================================
Waiting for network...
Internet OK.
[1/6] Pull latest
Already up to date.
[2/6] Fetch official VB-G RAM G data
Updated C:\Users\welcome\Daily-labour-report-satna-maihar\data\official-summary.csv for 8 janpads
SUCCESS: 8/8 Janpads. Individual Labour/MR=1383/1135; PMAY Labour/MR=1183/1016; Ek Bagiya Labour/MR=177/104.
Next: python scripts\merge_official_summary.py
[3/6] Merge dashboard data
AUTO MERGE OK | PMAY Ongoing=11995 | Ek Bagiya Ongoing=756 | lock_active=True
[4/6] Verify generated files
[5/6] Commit verified data/status only
[main c3cd523] Automatic VBGRAMG update when laptop online
 2 files changed, 3 insertions(+), 3 deletions(-)
[6/6] Push
To https://github.com/srdmsatna-create/Daily-labour-report-satna-maihar.git
   67a8bd4..c3cd523  main -> main
END Thu 09/03/2026  8:33:50.71 SUCCESS-PUSHED

============================================================
START Thu 09/03/2026 18:57:11.73
============================================================
Waiting for network...
Internet OK.
[1/6] Pull latest
Already up to date.
[2/6] Fetch official VB-G RAM G data
Updated C:\Users\welcome\Daily-labour-report-satna-maihar\data\official-summary.csv for 8 janpads
SUCCESS: 8/8 Janpads. Individual Labour/MR=1383/1135; PMAY Labour/MR=1183/1016; Ek Bagiya Labour/MR=177/104.
Next: python scripts\merge_official_summary.py
[3/6] Merge dashboard data
AUTO MERGE OK | PMAY Ongoing=11995 | Ek Bagiya Ongoing=756 | lock_active=True
[4/6] Verify generated files
[5/6] Commit verified data/status only
[main 31e3696] Automatic VBGRAMG update when laptop online
 2 files changed, 3 insertions(+), 3 deletions(-)
[6/6] Push
fatal: Unable to persist credentials with the 'wincredman' credential store.
See https://aka.ms/gcm/credstores for more information.
bash: line 1: /dev/tty: No such device or address
error: failed to execute prompt script (exit code 1)
fatal: could not read Username for 'https://github.com': No such file or directory

============================================================
START Thu 09/03/2026 18:59:49.61
============================================================
Waiting for network...
Internet OK.
[1/6] Pull latest
warning: in the working copy of 'logs/auto-when-on.log', LF will be replaced by CRLF the next time Git touches it
error: unable to unlink old 'logs/auto-when-on.log': Invalid argument
fatal: could not reset --hard
Created autostash: 9d2c93b

============================================================
START Thu 09/03/2026 19:33:10.68
============================================================
Waiting for network...
Internet OK.
[1/6] Pull latest
fatal: It seems that there is already a rebase-merge directory, and
I wonder if you are in the middle of another rebase.  If that is the
case, please try
	git rebase (--continue | --abort | --skip)
If that is not the case, please
	rm -fr ".git/rebase-merge"
and run me again.  I am stopping in case you still have something
valuable there.


============================================================
START Thu 09/03/2026 21:33:18.67
============================================================
Waiting for network...
Internet OK.
[1/6] Pull latest
fatal: It seems that there is already a rebase-merge directory, and
I wonder if you are in the middle of another rebase.  If that is the
case, please try
	git rebase (--continue | --abort | --skip)
If that is not the case, please
	rm -fr ".git/rebase-merge"
and run me again.  I am stopping in case you still have something
valuable there.


============================================================
START Fri 09/04/2026  9:25:07.51
============================================================
Waiting for network...
Internet OK.
[1/6] Pull latest
fatal: It seems that there is already a rebase-merge directory, and
I wonder if you are in the middle of another rebase.  If that is the
case, please try
	git rebase (--continue | --abort | --skip)
If that is not the case, please
	rm -fr ".git/rebase-merge"
and run me again.  I am stopping in case you still have something
valuable there.


============================================================
START Fri 09/04/2026  9:33:10.44
============================================================
Waiting for network...
Internet OK.
[1/6] Pull latest
fatal: It seems that there is already a rebase-merge directory, and
I wonder if you are in the middle of another rebase.  If that is the
case, please try
	git rebase (--continue | --abort | --skip)
If that is not the case, please
	rm -fr ".git/rebase-merge"
and run me again.  I am stopping in case you still have something
valuable there.


============================================================
START Fri 09/04/2026 10:33:10.71
============================================================
Waiting for network...
Internet OK.
[1/6] Pull latest
fatal: It seems that there is already a rebase-merge directory, and
I wonder if you are in the middle of another rebase.  If that is the
case, please try
	git rebase (--continue | --abort | --skip)
If that is not the case, please
	rm -fr ".git/rebase-merge"
and run me again.  I am stopping in case you still have something
valuable there.


============================================================
START Fri 09/04/2026 11:33:10.47
============================================================
Waiting for network...
Internet OK.
[1/6] Pull latest
Already up to date.
[2/6] Fetch official VB-G RAM G data
Updated C:\Users\welcome\Daily-labour-report-satna-maihar\data\official-summary.csv for 8 janpads
SUCCESS: 8/8 Janpads. Individual Labour/MR=1358/1103; PMAY Labour/MR=1152/983; Ek Bagiya Labour/MR=185/108.
Next: python scripts\merge_official_summary.py
[3/6] Merge dashboard data
AUTO MERGE OK | PMAY Ongoing=11995 | Ek Bagiya Ongoing=756 | lock_active=True
[4/6] Verify generated files
[5/6] Commit verified data/status only
[main 9411973] Automatic VBGRAMG update when laptop online
 2 files changed, 3 insertions(+), 3 deletions(-)
[6/6] Push
fatal: Unable to persist credentials with the 'wincredman' credential store.
See https://aka.ms/gcm/credstores for more information.
bash: line 1: /dev/tty: No such device or address
error: failed to execute prompt script (exit code 1)
fatal: could not read Username for 'https://github.com': No such file or directory

============================================================
START Fri 09/04/2026 16:01:50.79
============================================================
Waiting for network...
Internet OK.
[1/6] Pull latest
Already up to date.
[2/6] Fetch official VB-G RAM G data
Updated C:\Users\welcome\Daily-labour-report-satna-maihar\data\official-summary.csv for 8 janpads
SUCCESS: 8/8 Janpads. Individual Labour/MR=1358/1103; PMAY Labour/MR=1152/983; Ek Bagiya Labour/MR=185/108.
Next: python scripts\merge_official_summary.py
[3/6] Merge dashboard data
AUTO MERGE OK | PMAY Ongoing=11995 | Ek Bagiya Ongoing=756 | lock_active=True
[4/6] Verify generated files
[5/6] Commit verified data/status only
[main e694bfe] Automatic VBGRAMG update when laptop online
 2 files changed, 3 insertions(+), 3 deletions(-)
[6/6] Push
fatal: Unable to persist credentials with the 'wincredman' credential store.
See https://aka.ms/gcm/credstores for more information.
bash: line 1: /dev/tty: No such device or address
error: failed to execute prompt script (exit code 1)
fatal: could not read Username for 'https://github.com': No such file or directory

============================================================
START Fri 09/04/2026 16:33:10.76
============================================================
Waiting for network...
Internet OK.
[1/6] Pull latest
Already up to date.
[2/6] Fetch official VB-G RAM G data
Updated C:\Users\welcome\Daily-labour-report-satna-maihar\data\official-summary.csv for 8 janpads
SUCCESS: 8/8 Janpads. Individual Labour/MR=1358/1103; PMAY Labour/MR=1152/983; Ek Bagiya Labour/MR=185/108.
Next: python scripts\merge_official_summary.py
[3/6] Merge dashboard data
AUTO MERGE OK | PMAY Ongoing=11995 | Ek Bagiya Ongoing=756 | lock_active=True
[4/6] Verify generated files
[5/6] Commit verified data/status only
[main 3bc772c] Automatic VBGRAMG update when laptop online
 2 files changed, 3 insertions(+), 3 deletions(-)
[6/6] Push
fatal: Unable to persist credentials with the 'wincredman' credential store.
See https://aka.ms/gcm/credstores for more information.
bash: line 1: /dev/tty: No such device or address
error: failed to execute prompt script (exit code 1)
fatal: could not read Username for 'https://github.com': No such file or directory

============================================================
START Fri 09/04/2026 17:33:10.48
============================================================
Waiting for network...
Internet OK.
[1/6] Pull latest
Already up to date.
[2/6] Fetch official VB-G RAM G data
Updated C:\Users\welcome\Daily-labour-report-satna-maihar\data\official-summary.csv for 8 janpads
SUCCESS: 8/8 Janpads. Individual Labour/MR=1358/1103; PMAY Labour/MR=1152/983; Ek Bagiya Labour/MR=185/108.
Next: python scripts\merge_official_summary.py
[3/6] Merge dashboard data
AUTO MERGE OK | PMAY Ongoing=11995 | Ek Bagiya Ongoing=756 | lock_active=True
[4/6] Verify generated files
[5/6] Commit verified data/status only
[main c54a1dd] Automatic VBGRAMG update when laptop online
 2 files changed, 3 insertions(+), 3 deletions(-)
[6/6] Push
fatal: Unable to persist credentials with the 'wincredman' credential store.
See https://aka.ms/gcm/credstores for more information.
bash: line 1: /dev/tty: No such device or address
error: failed to execute prompt script (exit code 1)
fatal: could not read Username for 'https://github.com': No such file or directory

============================================================
START Fri 09/04/2026 18:33:10.77
============================================================
Waiting for network...
Internet OK.
[1/6] Pull latest
Already up to date.
[2/6] Fetch official VB-G RAM G data
Updated C:\Users\welcome\Daily-labour-report-satna-maihar\data\official-summary.csv for 8 janpads
SUCCESS: 8/8 Janpads. Individual Labour/MR=1358/1103; PMAY Labour/MR=1152/983; Ek Bagiya Labour/MR=185/108.
Next: python scripts\merge_official_summary.py
[3/6] Merge dashboard data
AUTO MERGE OK | PMAY Ongoing=11995 | Ek Bagiya Ongoing=756 | lock_active=True
[4/6] Verify generated files
[5/6] Commit verified data/status only
[main 06adb3f] Automatic VBGRAMG update when laptop online
 2 files changed, 3 insertions(+), 3 deletions(-)
[6/6] Push
fatal: Unable to persist credentials with the 'wincredman' credential store.
See https://aka.ms/gcm/credstores for more information.
bash: line 1: /dev/tty: No such device or address
error: failed to execute prompt script (exit code 1)
fatal: could not read Username for 'https://github.com': No such file or directory

============================================================
START Sat 09/05/2026 10:33:10.64
============================================================
Waiting for network...
Internet OK.
[1/6] Pull latest
Already up to date.
[2/6] Fetch official VB-G RAM G data
Updated C:\Users\welcome\Daily-labour-report-satna-maihar\data\official-summary.csv for 8 janpads
SUCCESS: 8/8 Janpads. Individual Labour/MR=1301/1059; PMAY Labour/MR=1100/943; Ek Bagiya Labour/MR=177/103.
Next: python scripts\merge_official_summary.py
[3/6] Merge dashboard data
AUTO MERGE OK | PMAY Ongoing=11995 | Ek Bagiya Ongoing=756 | lock_active=True
[4/6] Verify generated files
[5/6] Commit verified data/status only
[main 9453c49] Automatic VBGRAMG update when laptop online
 2 files changed, 3 insertions(+), 3 deletions(-)
[6/6] Push
fatal: Unable to persist credentials with the 'wincredman' credential store.
See https://aka.ms/gcm/credstores for more information.
bash: line 1: /dev/tty: No such device or address
error: failed to execute prompt script (exit code 1)
fatal: could not read Username for 'https://github.com': No such file or directory

============================================================
START Sat 09/05/2026 11:33:10.68
============================================================
Waiting for network...
Internet OK.
[1/6] Pull latest
Already up to date.
[2/6] Fetch official VB-G RAM G data
Updated C:\Users\welcome\Daily-labour-report-satna-maihar\data\official-summary.csv for 8 janpads
SUCCESS: 8/8 Janpads. Individual Labour/MR=1301/1059; PMAY Labour/MR=1100/943; Ek Bagiya Labour/MR=177/103.
Next: python scripts\merge_official_summary.py
[3/6] Merge dashboard data
AUTO MERGE OK | PMAY Ongoing=11995 | Ek Bagiya Ongoing=756 | lock_active=True
[4/6] Verify generated files
[5/6] Commit verified data/status only
[main 0deaa72] Automatic VBGRAMG update when laptop online
 2 files changed, 3 insertions(+), 3 deletions(-)
[6/6] Push
fatal: Unable to persist credentials with the 'wincredman' credential store.
See https://aka.ms/gcm/credstores for more information.
bash: line 1: /dev/tty: No such device or address
error: failed to execute prompt script (exit code 1)
fatal: could not read Username for 'https://github.com': No such file or directory

============================================================
START Sat 09/05/2026 12:33:10.82
============================================================
Waiting for network...
Internet OK.
[1/6] Pull latest
Already up to date.
[2/6] Fetch official VB-G RAM G data
Updated C:\Users\welcome\Daily-labour-report-satna-maihar\data\official-summary.csv for 8 janpads
SUCCESS: 8/8 Janpads. Individual Labour/MR=1301/1059; PMAY Labour/MR=1100/943; Ek Bagiya Labour/MR=177/103.
Next: python scripts\merge_official_summary.py
[3/6] Merge dashboard data
AUTO MERGE OK | PMAY Ongoing=11995 | Ek Bagiya Ongoing=756 | lock_active=True
[4/6] Verify generated files
[5/6] Commit verified data/status only
[main 3ba5ef9] Automatic VBGRAMG update when laptop online
 2 files changed, 3 insertions(+), 3 deletions(-)
[6/6] Push
fatal: Unable to persist credentials with the 'wincredman' credential store.
See https://aka.ms/gcm/credstores for more information.
bash: line 1: /dev/tty: No such device or address
error: failed to execute prompt script (exit code 1)
fatal: could not read Username for 'https://github.com': No such file or directory

============================================================
START Sat 09/05/2026 14:29:36.63
============================================================
Waiting for network...
Internet OK.
[1/6] Pull latest
warning: in the working copy of 'logs/auto-when-on.log', LF will be replaced by CRLF the next time Git touches it
error: unable to unlink old 'logs/auto-when-on.log': Invalid argument
fatal: could not reset --hard
Created autostash: e429f0f

============================================================
START Sat 09/05/2026 14:33:10.60
============================================================
Waiting for network...
Internet OK.
[1/6] Pull latest
fatal: It seems that there is already a rebase-merge directory, and
I wonder if you are in the middle of another rebase.  If that is the
case, please try
	git rebase (--continue | --abort | --skip)
If that is not the case, please
	rm -fr ".git/rebase-merge"
and run me again.  I am stopping in case you still have something
valuable there.


============================================================
START Sat 09/05/2026 19:52:39.28
============================================================
Waiting for network...
Internet OK.
[1/6] Pull latest
fatal: It seems that there is already a rebase-merge directory, and
I wonder if you are in the middle of another rebase.  If that is the
case, please try
	git rebase (--continue | --abort | --skip)
If that is not the case, please
	rm -fr ".git/rebase-merge"
and run me again.  I am stopping in case you still have something
valuable there.


============================================================
START Sat 09/05/2026 20:33:10.95
============================================================
Waiting for network...
Internet OK.
[1/6] Pull latest
fatal: It seems that there is already a rebase-merge directory, and
I wonder if you are in the middle of another rebase.  If that is the
case, please try
	git rebase (--continue | --abort | --skip)
If that is not the case, please
	rm -fr ".git/rebase-merge"
and run me again.  I am stopping in case you still have something
valuable there.


============================================================
START Sat 09/05/2026 21:33:10.76
============================================================
Waiting for network...
Internet OK.
[1/6] Pull latest
Already up to date.
[2/6] Fetch official VB-G RAM G data
Updated C:\Users\welcome\Daily-labour-report-satna-maihar\data\official-summary.csv for 8 janpads
SUCCESS: 8/8 Janpads. Individual Labour/MR=1363/1117; PMAY Labour/MR=1160/999; Ek Bagiya Labour/MR=178/104.
Next: python scripts\merge_official_summary.py
[3/6] Merge dashboard data
AUTO MERGE OK | PMAY Ongoing=11995 | Ek Bagiya Ongoing=756 | lock_active=True
[4/6] Verify generated files
[5/6] Commit verified data/status only
[main 6f71c95] Automatic VBGRAMG update when laptop online
 4 files changed, 14 insertions(+), 14 deletions(-)
[6/6] Push
fatal: Unable to persist credentials with the 'wincredman' credential store.
See https://aka.ms/gcm/credstores for more information.
bash: line 1: /dev/tty: No such device or address
error: failed to execute prompt script (exit code 1)
fatal: could not read Username for 'https://github.com': No such file or directory

============================================================
START Sat 09/05/2026 22:33:10.66
============================================================
Waiting for network...
Internet OK.
[1/6] Pull latest
Already up to date.
[2/6] Fetch official VB-G RAM G data
Updated C:\Users\welcome\Daily-labour-report-satna-maihar\data\official-summary.csv for 8 janpads
SUCCESS: 8/8 Janpads. Individual Labour/MR=1363/1117; PMAY Labour/MR=1160/999; Ek Bagiya Labour/MR=178/104.
Next: python scripts\merge_official_summary.py
[3/6] Merge dashboard data
AUTO MERGE OK | PMAY Ongoing=11995 | Ek Bagiya Ongoing=756 | lock_active=True
[4/6] Verify generated files
[5/6] Commit verified data/status only
[main b85a705] Automatic VBGRAMG update when laptop online
 3 files changed, 4 insertions(+), 4 deletions(-)
[6/6] Push
fatal: Unable to persist credentials with the 'wincredman' credential store.
See https://aka.ms/gcm/credstores for more information.
bash: line 1: /dev/tty: No such device or address
error: failed to execute prompt script (exit code 1)
fatal: could not read Username for 'https://github.com': No such file or directory

============================================================
START Sun 09/06/2026  7:22:41.83
============================================================
Waiting for network...
Internet OK.
[1/6] Pull latest
Already up to date.
[2/6] Fetch official VB-G RAM G data
Updated C:\Users\welcome\Daily-labour-report-satna-maihar\data\official-summary.csv for 8 janpads
SUCCESS: 8/8 Janpads. Individual Labour/MR=1334/1086; PMAY Labour/MR=1125/965; Ek Bagiya Labour/MR=184/107.
Next: python scripts\merge_official_summary.py
[3/6] Merge dashboard data
AUTO MERGE OK | PMAY Ongoing=11995 | Ek Bagiya Ongoing=756 | lock_active=True
[4/6] Verify generated files
[5/6] Commit verified data/status only
[main 785d189] Automatic VBGRAMG update when laptop online
 4 files changed, 15 insertions(+), 15 deletions(-)
[6/6] Push
To https://github.com/srdmsatna-create/Daily-labour-report-satna-maihar.git
   a99940c..785d189  main -> main
END Sun 09/06/2026  7:24:47.51 SUCCESS-PUSHED

============================================================
START Sun 09/06/2026  7:25:25.89
============================================================
Waiting for network...
Internet OK.
[1/6] Pull latest
Already up to date.
[2/6] Fetch official VB-G RAM G data
Updated C:\Users\welcome\Daily-labour-report-satna-maihar\data\official-summary.csv for 8 janpads
SUCCESS: 8/8 Janpads. Individual Labour/MR=1334/1086; PMAY Labour/MR=1125/965; Ek Bagiya Labour/MR=184/107.
Next: python scripts\merge_official_summary.py
[3/6] Merge dashboard data
AUTO MERGE OK | PMAY Ongoing=11995 | Ek Bagiya Ongoing=756 | lock_active=True
[4/6] Verify generated files
[5/6] Commit verified data/status only
[main d43437e] Automatic VBGRAMG update when laptop online
 3 files changed, 4 insertions(+), 4 deletions(-)
[6/6] Push
To https://github.com/srdmsatna-create/Daily-labour-report-satna-maihar.git
   785d189..d43437e  main -> main
END Sun 09/06/2026  7:26:01.35 SUCCESS-PUSHED

============================================================
START Sun 09/06/2026  7:33:10.82
============================================================
Waiting for network...
Internet OK.
[1/6] Pull latest
Already up to date.
[2/6] Fetch official VB-G RAM G data
Updated C:\Users\welcome\Daily-labour-report-satna-maihar\data\official-summary.csv for 8 janpads
SUCCESS: 8/8 Janpads. Individual Labour/MR=1334/1086; PMAY Labour/MR=1125/965; Ek Bagiya Labour/MR=184/107.
Next: python scripts\merge_official_summary.py
[3/6] Merge dashboard data
AUTO MERGE OK | PMAY Ongoing=11995 | Ek Bagiya Ongoing=756 | lock_active=True
[4/6] Verify generated files
[5/6] Commit verified data/status only
[main e676a1e] Automatic VBGRAMG update when laptop online
 2 files changed, 3 insertions(+), 3 deletions(-)
[6/6] Push
To https://github.com/srdmsatna-create/Daily-labour-report-satna-maihar.git
   d43437e..e676a1e  main -> main
END Sun 09/06/2026  7:33:43.05 SUCCESS-PUSHED

============================================================
START Sun 09/06/2026  8:33:12.86
============================================================
Waiting for network...
Internet OK.
[1/6] Pull latest
Already up to date.
[2/6] Fetch official VB-G RAM G data
Updated C:\Users\welcome\Daily-labour-report-satna-maihar\data\official-summary.csv for 8 janpads
SUCCESS: 8/8 Janpads. Individual Labour/MR=1334/1086; PMAY Labour/MR=1125/965; Ek Bagiya Labour/MR=184/107.
Next: python scripts\merge_official_summary.py
[3/6] Merge dashboard data
AUTO MERGE OK | PMAY Ongoing=11995 | Ek Bagiya Ongoing=756 | lock_active=True
[4/6] Verify generated files
[5/6] Commit verified data/status only
[main 79cc50b] Automatic VBGRAMG update when laptop online
 2 files changed, 3 insertions(+), 3 deletions(-)
[6/6] Push
To https://github.com/srdmsatna-create/Daily-labour-report-satna-maihar.git
   f973d17..79cc50b  main -> main
END Sun 09/06/2026  8:34:00.41 SUCCESS-PUSHED

============================================================
START Sun 09/06/2026  9:33:10.93
============================================================
Waiting for network...
Internet OK.
[1/6] Pull latest
Already up to date.
[2/6] Fetch official VB-G RAM G data
Updated C:\Users\welcome\Daily-labour-report-satna-maihar\data\official-summary.csv for 8 janpads
SUCCESS: 8/8 Janpads. Individual Labour/MR=1334/1086; PMAY Labour/MR=1125/965; Ek Bagiya Labour/MR=184/107.
Next: python scripts\merge_official_summary.py
[3/6] Merge dashboard data
AUTO MERGE OK | PMAY Ongoing=11995 | Ek Bagiya Ongoing=756 | lock_active=True
[4/6] Verify generated files
[5/6] Commit verified data/status only
[main 7243218] Automatic VBGRAMG update when laptop online
 2 files changed, 3 insertions(+), 3 deletions(-)
[6/6] Push
To https://github.com/srdmsatna-create/Daily-labour-report-satna-maihar.git
   79cc50b..7243218  main -> main
END Sun 09/06/2026  9:33:58.67 SUCCESS-PUSHED

============================================================
START Sun 09/06/2026 10:33:10.91
============================================================
Waiting for network...
Internet OK.
[1/6] Pull latest
Already up to date.
[2/6] Fetch official VB-G RAM G data
Updated C:\Users\welcome\Daily-labour-report-satna-maihar\data\official-summary.csv for 8 janpads
SUCCESS: 8/8 Janpads. Individual Labour/MR=1334/1086; PMAY Labour/MR=1125/965; Ek Bagiya Labour/MR=184/107.
Next: python scripts\merge_official_summary.py
[3/6] Merge dashboard data
AUTO MERGE OK | PMAY Ongoing=11995 | Ek Bagiya Ongoing=756 | lock_active=True
[4/6] Verify generated files
[5/6] Commit verified data/status only
[main 735c057] Automatic VBGRAMG update when laptop online
 2 files changed, 3 insertions(+), 3 deletions(-)
[6/6] Push
To https://github.com/srdmsatna-create/Daily-labour-report-satna-maihar.git
   7243218..735c057  main -> main
END Sun 09/06/2026 10:33:52.22 SUCCESS-PUSHED

============================================================
START Sun 09/06/2026 11:33:10.98
============================================================
Waiting for network...
Internet OK.
[1/6] Pull latest
Already up to date.
[2/6] Fetch official VB-G RAM G data
Updated C:\Users\welcome\Daily-labour-report-satna-maihar\data\official-summary.csv for 8 janpads
SUCCESS: 8/8 Janpads. Individual Labour/MR=1334/1086; PMAY Labour/MR=1125/965; Ek Bagiya Labour/MR=184/107.
Next: python scripts\merge_official_summary.py
[3/6] Merge dashboard data
AUTO MERGE OK | PMAY Ongoing=11995 | Ek Bagiya Ongoing=756 | lock_active=True
[4/6] Verify generated files
[5/6] Commit verified data/status only

============================================================
START Sun 09/06/2026 11:50:48.62
============================================================
Waiting for network...
Internet OK.
[1/6] Pull latest
Already up to date.
[2/6] Fetch official VB-G RAM G data
^C
============================================================
START Mon 09/07/2026  7:20:20.55
============================================================
Waiting for network...
Internet OK.
[1/6] Pull latest
Already up to date.
[2/6] Fetch official VB-G RAM G data
Updated C:\Users\welcome\Daily-labour-report-satna-maihar\data\official-summary.csv for 8 janpads
SUCCESS: 8/8 Janpads. Individual Labour/MR=1274/1038; PMAY Labour/MR=1075/923; Ek Bagiya Labour/MR=173/100.
Next: python scripts\merge_official_summary.py
[3/6] Merge dashboard data
AUTO MERGE OK | PMAY Ongoing=923 | Ek Bagiya Ongoing=100 | lock_active=False
[4/6] Verify generated files
[5/6] Commit verified data/status only
[main bdf81db] Automatic VBGRAMG update when laptop online
 4 files changed, 15 insertions(+), 15 deletions(-)
[6/6] Push
fatal: Unable to persist credentials with the 'wincredman' credential store.
See https://aka.ms/gcm/credstores for more information.
bash: line 1: /dev/tty: No such device or address
error: failed to execute prompt script (exit code 1)
fatal: could not read Username for 'https://github.com': No such file or directory

============================================================
START Mon 09/07/2026  7:26:44.26
============================================================
Waiting for network...
Internet OK.
[1/6] Pull latest
warning: in the working copy of 'logs/auto-when-on.log', LF will be replaced by CRLF the next time Git touches it
error: unable to unlink old 'logs/auto-when-on.log': Invalid argument
fatal: could not reset --hard
Created autostash: fe9ad95

============================================================
START Mon 09/07/2026  7:33:12.14
============================================================
Waiting for network...
Internet OK.
[1/6] Pull latest
fatal: It seems that there is already a rebase-merge directory, and
I wonder if you are in the middle of another rebase.  If that is the
case, please try
	git rebase (--continue | --abort | --skip)
If that is not the case, please
	rm -fr ".git/rebase-merge"
and run me again.  I am stopping in case you still have something
valuable there.


============================================================
START Mon 09/07/2026  8:33:11.30
============================================================
Waiting for network...
Internet OK.
[1/6] Pull latest
fatal: It seems that there is already a rebase-merge directory, and
I wonder if you are in the middle of another rebase.  If that is the
case, please try
	git rebase (--continue | --abort | --skip)
If that is not the case, please
	rm -fr ".git/rebase-merge"
and run me again.  I am stopping in case you still have something
valuable there.


============================================================
START Mon 09/07/2026  9:53:49.34
============================================================
Waiting for network...
Internet OK.
[1/6] Pull latest
fatal: It seems that there is already a rebase-merge directory, and
I wonder if you are in the middle of another rebase.  If that is the
case, please try
	git rebase (--continue | --abort | --skip)
If that is not the case, please
	rm -fr ".git/rebase-merge"
and run me again.  I am stopping in case you still have something
valuable there.


============================================================
START Mon 09/07/2026  9:56:14.49
============================================================
Waiting for network...
Internet OK.
[1/6] Pull latest
fatal: It seems that there is already a rebase-merge directory, and
I wonder if you are in the middle of another rebase.  If that is the
case, please try
	git rebase (--continue | --abort | --skip)
If that is not the case, please
	rm -fr ".git/rebase-merge"
and run me again.  I am stopping in case you still have something
valuable there.


============================================================
START Tue 09/08/2026  7:57:21.27
============================================================
Waiting for network...
Internet OK.
[1/6] Pull latest
fatal: It seems that there is already a rebase-merge directory, and
I wonder if you are in the middle of another rebase.  If that is the
case, please try
	git rebase (--continue | --abort | --skip)
If that is not the case, please
	rm -fr ".git/rebase-merge"
and run me again.  I am stopping in case you still have something
valuable there.


============================================================
START Tue 09/08/2026  8:00:03.47
============================================================
Waiting for network...
Internet OK.
[1/6] Pull latest
fatal: It seems that there is already a rebase-merge directory, and
I wonder if you are in the middle of another rebase.  If that is the
case, please try
	git rebase (--continue | --abort | --skip)
If that is not the case, please
	rm -fr ".git/rebase-merge"
and run me again.  I am stopping in case you still have something
valuable there.


============================================================
START Tue 09/08/2026  8:33:10.76
============================================================
Waiting for network...
Internet OK.
[1/6] Pull latest
fatal: remote helper 'https' aborted session
^C
============================================================
START Wed 09/09/2026  8:49:32.18
============================================================
Waiting for network...

============================================================
START Wed 09/09/2026  8:52:24.39
============================================================
Waiting for network...
Internet OK.
[1/6] Pull latest
fatal: It seems that there is already a rebase-merge directory, and
I wonder if you are in the middle of another rebase.  If that is the
case, please try
	git rebase (--continue | --abort | --skip)
If that is not the case, please
	rm -fr ".git/rebase-merge"
and run me again.  I am stopping in case you still have something
valuable there.


============================================================
START Wed 09/09/2026 20:54:07.89
============================================================
Waiting for network...
Internet OK.
[1/6] Pull latest
fatal: It seems that there is already a rebase-merge directory, and
I wonder if you are in the middle of another rebase.  If that is the
case, please try
	git rebase (--continue | --abort | --skip)
If that is not the case, please
	rm -fr ".git/rebase-merge"
and run me again.  I am stopping in case you still have something
valuable there.


============================================================
START Wed 09/09/2026 20:56:59.62
============================================================
Waiting for network...
Internet OK.
[1/6] Pull latest
fatal: It seems that there is already a rebase-merge directory, and
I wonder if you are in the middle of another rebase.  If that is the
case, please try
	git rebase (--continue | --abort | --skip)
If that is not the case, please
	rm -fr ".git/rebase-merge"
and run me again.  I am stopping in case you still have something
valuable there.


============================================================
START Wed 09/09/2026 21:33:10.75
============================================================
Waiting for network...
Internet OK.
[1/6] Pull latest
fatal: It seems that there is already a rebase-merge directory, and
I wonder if you are in the middle of another rebase.  If that is the
case, please try
	git rebase (--continue | --abort | --skip)
If that is not the case, please
	rm -fr ".git/rebase-merge"
and run me again.  I am stopping in case you still have something
valuable there.


============================================================
START Wed 09/09/2026 22:33:10.71
============================================================
Waiting for network...
Internet OK.
[1/6] Pull latest
Already up to date.
[2/6] Fetch official VB-G RAM G data
Updated C:\Users\welcome\Daily-labour-report-satna-maihar\data\official-summary.csv for 8 janpads
SUCCESS: 8/8 Janpads. Individual Labour/MR=1498/1232; PMAY Labour/MR=1264/1098; Ek Bagiya Labour/MR=202/117.
Next: python scripts\merge_official_summary.py
[3/6] Merge dashboard data
AUTO MERGE OK | PMAY Ongoing=1098 | Ek Bagiya Ongoing=117 | lock_active=False
[4/6] Verify generated files
[5/6] Commit verified data/status only
[main 1ffb6d1] Automatic VBGRAMG update when laptop online
 4 files changed, 7 insertions(+), 7 deletions(-)
[6/6] Push
fatal: Unable to persist credentials with the 'wincredman' credential store.
See https://aka.ms/gcm/credstores for more information.
bash: line 1: /dev/tty: No such device or address
error: failed to execute prompt script (exit code 1)
fatal: could not read Username for 'https://github.com': No such file or directory

============================================================
START Wed 09/09/2026 23:33:10.72
============================================================
Waiting for network...
Internet OK.
[1/6] Pull latest
Already up to date.
[2/6] Fetch official VB-G RAM G data
FAILED: R6.9 filters not found: expected 3 dropdowns.
ERROR: Official fetch failed. Existing verified dashboard data remains unchanged.

============================================================
START Thu 09/10/2026  6:47:10.29
============================================================
Waiting for network...
Internet OK.
[1/6] Pull latest
Already up to date.
[2/6] Fetch official VB-G RAM G data
Updated C:\Users\welcome\Daily-labour-report-satna-maihar\data\official-summary.csv for 8 janpads
SUCCESS: 8/8 Janpads. Individual Labour/MR=1474/1211; PMAY Labour/MR=1233/1080; Ek Bagiya Labour/MR=204/111.
Next: python scripts\merge_official_summary.py
[3/6] Merge dashboard data
AUTO MERGE OK | PMAY Ongoing=1080 | Ek Bagiya Ongoing=111 | lock_active=False
[4/6] Verify generated files
[5/6] Commit verified data/status only
[main 574cac8] Automatic VBGRAMG update when laptop online
 4 files changed, 17 insertions(+), 17 deletions(-)
[6/6] Push
fatal: Unable to persist credentials with the 'wincredman' credential store.
See https://aka.ms/gcm/credstores for more information.
bash: line 1: /dev/tty: No such device or address
error: failed to execute prompt script (exit code 1)
fatal: could not read Username for 'https://github.com': No such file or directory

============================================================
START Thu 09/10/2026  7:33:10.93
============================================================
Waiting for network...
Internet OK.
[1/6] Pull latest
Already up to date.
[2/6] Fetch official VB-G RAM G data
Updated C:\Users\welcome\Daily-labour-report-satna-maihar\data\official-summary.csv for 8 janpads
SUCCESS: 8/8 Janpads. Individual Labour/MR=1474/1211; PMAY Labour/MR=1233/1080; Ek Bagiya Labour/MR=204/111.
Next: python scripts\merge_official_summary.py
[3/6] Merge dashboard data
AUTO MERGE OK | PMAY Ongoing=1080 | Ek Bagiya Ongoing=111 | lock_active=False
[4/6] Verify generated files
[5/6] Commit verified data/status only
[main df9275c] Automatic VBGRAMG update when laptop online
 2 files changed, 3 insertions(+), 3 deletions(-)
[6/6] Push
fatal: Unable to persist credentials with the 'wincredman' credential store.
See https://aka.ms/gcm/credstores for more information.
bash: line 1: /dev/tty: No such device or address
error: failed to execute prompt script (exit code 1)
fatal: could not read Username for 'https://github.com': No such file or directory

============================================================
START Thu 09/10/2026  8:33:10.92
============================================================
Waiting for network...
Internet OK.
[1/6] Pull latest
Current branch main is up to date.
[2/6] Fetch official VB-G RAM G data
Updated C:\Users\welcome\Daily-labour-report-satna-maihar\data\official-summary.csv for 8 janpads
SUCCESS: 8/8 Janpads. Individual Labour/MR=1474/1211; PMAY Labour/MR=1233/1080; Ek Bagiya Labour/MR=204/111.
Next: python scripts\merge_official_summary.py
[3/6] Merge dashboard data
AUTO MERGE OK | PMAY Ongoing=1080 | Ek Bagiya Ongoing=111 | lock_active=False
[4/6] Verify generated files
[5/6] Commit verified data/status only
[main d96910c] Automatic VBGRAMG update when laptop online
 2 files changed, 3 insertions(+), 3 deletions(-)
[6/6] Push
fatal: Unable to persist credentials with the 'wincredman' credential store.
See https://aka.ms/gcm/credstores for more information.
bash: line 1: /dev/tty: No such device or address
error: failed to execute prompt script (exit code 1)
fatal: could not read Username for 'https://github.com': No such file or directory

============================================================
START Thu 09/10/2026 21:43:58.93
============================================================
Waiting for network...
Internet OK.
[1/6] Pull latest
warning: in the working copy of 'logs/auto-when-on.log', LF will be replaced by CRLF the next time Git touches it
error: unable to unlink old 'logs/auto-when-on.log': Invalid argument
fatal: could not reset --hard
Created autostash: 8d561c9

============================================================
START Thu 09/10/2026 21:51:01.05
============================================================
Waiting for network...
Internet OK.
[1/6] Pull latest
fatal: It seems that there is already a rebase-merge directory, and
I wonder if you are in the middle of another rebase.  If that is the
case, please try
	git rebase (--continue | --abort | --skip)
If that is not the case, please
	rm -fr ".git/rebase-merge"
and run me again.  I am stopping in case you still have something
valuable there.

